Microsoft (R) Macro Assembler Version 14.44.35217.0	    12/07/25 14:39:41
5Reversed Temperature Project     (proj6_hinsonal.asm	     Page 1 - 1


				TITLE Reversed Temperature Project     (proj6_hinsonal.asm)

				; Author: Alex Hinson
				; Last Modified: 12/5/2025
				; OSU email address: hinsonal@oregonstate.edu
				; Course number/section:   CS271 Section 400
				; Project Number:  6               Due Date: 12/7/2025
				; Description: This program will randomly generate an array based on a predefined
				;				constant range, then, using constants to format and give the arrays "rows"
				;				it will display the formatted array and take the highest/lowest temps from each
				;				row, put them into respective arrays, then calculate and display the averages of those arrays.

				INCLUDE Irvine32.inc
			      C ; Include file for Irvine32.lib             (Irvine32.inc)
			      C 
			      C ;OPTION CASEMAP:NONE		; optional: make identifiers case-sensitive
			      C 
			      C INCLUDE SmallWin.inc		; MS-Windows prototypes, structures, and constants
			      C .NOLIST
			      C .LIST
			      C 
			      C INCLUDE VirtualKeys.inc
			      C ; VirtualKeys.inc
			      C .NOLIST
			      C .LIST
			      C 
			      C 
			      C .NOLIST
			      C .LIST
			      C 

				; (insert macro definitions here)
				mGetString MACRO strToPrint:REQ, strSaveAdd:REQ, count
					PUSH	EAX
					PUSH	ECX
					PUSH	EDX
					mDisplayString	OFFSET strToPrint
					MOV		EDX, strSaveAdd
					MOV		ECX, count
					CALL	ReadString
					CALL	CrLf
					POP		EDX
					POP		ECX
					POP		EAX
				ENDM

				mDisplayString MACRO strToDisplay:REQ
					PUSH	EDX
					MOV		EDX, strToDisplay
					CALL	WriteString
					POP		EDX
				ENDM

				mDisplayChar MACRO charA:REQ
					PUSH	EAX
					MOV		AL, charA
					CALL	WriteChar
					POP		EAX
				ENDM

				; (insert constant definitions here)
 = 0000002C			DELIMITER	EQU	','
 = 00000020			SPACE	EQU	' '
 = 00000018			TEMPS_PER_DAY = 24
 = 00000065			MAX_STRING = 101
 = 000000F1			BUFFER_SIZE = 241 ;max amount of temps is 48. max char count of a temp is "-100" which is 4 chars,
				;plus a delimiter after which would total 5. 5 chars (or bytes) 48 times is a max of 240, assuming all 48 temps are -100 plus a null


 00000000			.data
 00000000 57 65 6C 63 6F		intro		BYTE	"Welcome to this temperature sorting program!    By Alex Hinson",13,10,0
	   6D 65 20 74 6F
	   20 74 68 69 73
	   20 74 65 6D 70
	   65 72 61 74 75
	   72 65 20 73 6F
	   72 74 69 6E 67
	   20 70 72 6F 67
	   72 61 6D 21 20
	   20 20 20 42 79
	   20 41 6C 65 78
	   20 48 69 6E 73
	   6F 6E 0D 0A 00
 00000041 4F 6E 63 65 20		summary		BYTE	"Once you, the user, inputs the valid name of a file, this program will input the",13,10,
	   79 6F 75 2C 20
	   74 68 65 20 75
	   73 65 72 2C 20
	   69 6E 70 75 74
	   73 20 74 68 65
	   20 76 61 6C 69
	   64 20 6E 61 6D
	   65 20 6F 66 20
	   61 20 66 69 6C
	   65 2C 20 74 68
	   69 73 20 70 72
	   6F 67 72 61 6D
	   20 77 69 6C 6C
	   20 69 6E 70 75
	   74 20 74 68 65
	   0D 0A 69 6E 74
	   65 67 65 72 73
	   20 69 6E 20 74
	   68 65 20 41 53
	   43 49 49 20 66
	   6F 72 6D 61 74
	   74 65 64 20 66
	   69 6C 65 2C 20
	   72 65 76 65 72
	   73 65 20 74 68
	   65 6D 2C 20 61
	   6E 64 20 74 68
	   65 6E 20 70 72
	   69 6E 74 20 74
	   68 65 6D 20 61
	   6C 74 65 72 6E
	   61 74 69 6E 67
	   20 77 69 74 68
	   20 61 0D 0A 70
	   72 65 64 65 74
	   65 72 6D 69 6E
	   65 64 20 64 65
	   6C 69 6D 69 74
	   65 72 0D 0A 00
										"integers in the ASCII formatted file, reverse them, and then print them alternating with a",13,10,
										"predetermined delimiter",13,10,0
 00000109 57 65 6C 6C 2C		goodbye 	BYTE	"Well, hope that lived up to expectations! Goodbye!",0
	   20 68 6F 70 65
	   20 74 68 61 74
	   20 6C 69 76 65
	   64 20 75 70 20
	   74 6F 20 65 78
	   70 65 63 74 61
	   74 69 6F 6E 73
	   21 20 47 6F 6F
	   64 62 79 65 21
	   00
 0000013C 48 65 72 65 27		outputTitle	BYTE	"Here's the corrected row of temperatures from the file:",13,10,0
	   73 20 74 68 65
	   20 63 6F 72 72
	   65 63 74 65 64
	   20 72 6F 77 20
	   6F 66 20 74 65
	   6D 70 65 72 61
	   74 75 72 65 73
	   20 66 72 6F 6D
	   20 74 68 65 20
	   66 69 6C 65 3A
	   0D 0A 00
 00000176 57 68 61 74 20		inputTitle	BYTE	"What is the name of the file to be read from: ",0
	   69 73 20 74 68
	   65 20 6E 61 6D
	   65 20 6F 66 20
	   74 68 65 20 66
	   69 6C 65 20 74
	   6F 20 62 65 20
	   72 65 61 64 20
	   66 72 6F 6D 3A
	   20 00
 000001A5 45 72 72 6F 72		fileError	BYTE	"Error opening file. Closing program.",13,10,0
	   20 6F 70 65 6E
	   69 6E 67 20 66
	   69 6C 65 2E 20
	   43 6C 6F 73 69
	   6E 67 20 70 72
	   6F 67 72 61 6D
	   2E 0D 0A 00

 000001CC  00000065 [			fileName	BYTE	MAX_STRING DUP(0)
	    00
	   ]

 00000231 00000000			errorBool	DWORD	?

 00000235  000000F1 [			fileBuffer	BYTE	BUFFER_SIZE DUP(?)
	    00
	   ]
 00000326  00000018 [			outputArray	SDWORD	TEMPS_PER_DAY DUP(?)
	    00000000
	   ]

				; (insert variable definitions here)

 00000000			.code
 00000000			main PROC

				;----------------------------------------
				;This is the introduction portion, calls printGreeting after passing params
				;----------------------------------------

					mDisplayString	OFFSET intro
 00000000  52		     1		PUSH	EDX
 00000001  BA 00000000 R     1		MOV		EDX, OFFSET intro
 00000006  E8 00000000 E     1		CALL	WriteString
 0000000B  5A		     1		POP		EDX
					mDisplayString	OFFSET summary
 0000000C  52		     1		PUSH	EDX
 0000000D  BA 00000041 R     1		MOV		EDX, OFFSET summary
 00000012  E8 00000000 E     1		CALL	WriteString
 00000017  5A		     1		POP		EDX

				;----------------------------------------
				;this is the input section, where the program will call generateTemperatures
				;------------------------------------------

					mGetString		OFFSET inputTitle, OFFSET fileName, MAX_STRING
 00000018  50		     1		PUSH	EAX
 00000019  51		     1		PUSH	ECX
 0000001A  52		     1		PUSH	EDX
 0000001B  52		     2		PUSH	EDX
 0000001C  BA 00000176 R     2		MOV		EDX, OFFSET OFFSET inputTitle
 00000021  E8 00000000 E     2		CALL	WriteString
 00000026  5A		     2		POP		EDX
 00000027  BA 000001CC R     1		MOV		EDX, OFFSET fileName
 0000002C  B9 00000065	     1		MOV		ECX, MAX_STRING
 00000031  E8 00000000 E     1		CALL	ReadString
 00000036  E8 00000000 E     1		CALL	CrLf
 0000003B  5A		     1		POP		EDX
 0000003C  59		     1		POP		ECX
 0000003D  58		     1		POP		EAX

				;-------------------------------------
				;this part does the calculations of the code, getting the average highs and lows
				;----------------------------------------------

 0000003E  68 00000235 R		PUSH	OFFSET fileBuffer
 00000043  68 00000231 R		PUSH	OFFSET errorBool
 00000048  68 000001CC R		PUSH	OFFSET fileName
 0000004D  68 00000326 R		PUSH	OFFSET outputArray
 00000052  E8 0000003A			CALL	parseTempsFromString

 00000057  A1 00000231 R		MOV		EAX, errorBool
 0000005C  83 F8 01			CMP		EAX, 1
 0000005F  75 0E			JNE		_CorrectFile

					mDisplayString	OFFSET fileError
 00000061  52		     1		PUSH	EDX
 00000062  BA 000001A5 R     1		MOV		EDX, OFFSET fileError
 00000067  E8 00000000 E     1		CALL	WriteString
 0000006C  5A		     1		POP		EDX

 0000006D  EB 0F			JMP		_CloseProgram

 0000006F			_CorrectFile:

				;-----------------------------------------------------------------------
				;this is the output section, where it will display the arrays and the averages
				;------------------------------------------------------------------------

 0000006F  68 00000326 R		PUSH	OFFSET	outputArray
 00000074  E8 000000B2			CALL	writeTempsReverse
 00000079  E8 00000000 E		CALL	CrLf

				;------------------------------------------
				;this is the goodbye portion of the program.
				;------------------------------------------

 0000007E			_CloseProgram:

					mDisplayString	OFFSET goodbye
 0000007E  52		     1		PUSH	EDX
 0000007F  BA 00000109 R     1		MOV		EDX, OFFSET goodbye
 00000084  E8 00000000 E     1		CALL	WriteString
 00000089  5A		     1		POP		EDX

					Invoke ExitProcess,0	; exit to operating system
 0000008A  6A 00	   *	    push   +000000000h
 0000008C  E8 00000000 E   *	    call   ExitProcess
 00000091			main ENDP

				;---------------------------------------------------------------------
				;Name: generateTemperatures
				;
				;takes an output array and fills it with random numbers in a range based on global constants
				;
				;Preconditions: defined output array and randomize called in main
				;
				;Postconditions: fills output array
				;
				;Recieves: output array
				;
				;Returns: filled output array
				;--------------------------------------------------------------------------------------------
 00000091			parseTempsFromString PROC
					LOCAL	negBool:BYTE, currTemp:SDWORD
					;EBP+20 is the file buffer
					;EBP+16 is the bool num for true/false of opening the file
					;EBP+12 is file name
					;EBP+8 is the output array
 00000091  55		   *	    push   ebp
 00000092  8B EC	   *	    mov    ebp, esp
 00000094  83 C4 F8	   *	    add    esp, 0FFFFFFF8h
 00000097  8B 55 0C			MOV		EDX, [EBP+12]
 0000009A  E8 00000000 E		CALL	OpenInputFile

 0000009F  83 F8 FF			CMP		EAX, INVALID_HANDLE_VALUE
 000000A2  8B 5D 10			MOV		EBX, [EBP+16]
 000000A5  50				PUSH	EAX
 000000A6  74 02			JE		_InputError
 000000A8  EB 0A			JMP		_Continue

 000000AA			_InputError:
 000000AA  B8 00000001			MOV		EAX, 1
 000000AF  89 03			MOV		[EBX], EAX
 000000B1  58				POP		EAX
 000000B2  EB 73			JMP		_BackToMain

 000000B4			_Continue:
 000000B4  B8 00000000			MOV		EAX, 0
 000000B9  89 03			MOV		[EBX], EAX
 000000BB  58				POP		EAX

 000000BC  8B 55 14			MOV		EDX, [EBP+20]
 000000BF  B9 000000F1			MOV		ECX, BUFFER_SIZE
 000000C4  E8 00000000 E		CALL	ReadFromFile


 000000C9  8B 75 14			MOV		ESI, [EBP+20]
 000000CC  8B 7D 08			MOV		EDI, [EBP+8]
 000000CF  B9 00000018			MOV		ECX, TEMPS_PER_DAY

 000000D4  FC				CLD
 000000D5			_NextInt:
 000000D5  C6 45 FF 00			MOV		negBool, 0
 000000D9  C7 45 F8			MOV		currTemp, 0
	   00000000
 000000E0  B8 00000000			MOV		EAX, 0
 000000E5			_IntLoop:
 000000E5  AC				LODSB
 000000E6  3C 2D			CMP		AL, 45
 000000E8  75 06			JNE		_NonNegative
 000000EA			_Negative:
 000000EA  C6 45 FF 01			MOV		negBool, 1
 000000EE  EB F5			JMP		_IntLoop
 000000F0			_NonNegative:
 000000F0  3C 30			CMP		AL, 48
 000000F2  7C 1B			JL		_CompileInt
 000000F4  3C 39			CMP		AL, 57
 000000F6  7F 17			JG		_CompileInt
					;AL - 48 first
 000000F8  2C 30			SUB		AL, 48

					;10 x currTemp + AL
 000000FA  50				PUSH	EAX
 000000FB  8B 45 F8			MOV		EAX, currTemp
 000000FE  BB 0000000A			MOV		EBX, 10
 00000103  F7 E3			MUL		EBX
 00000105  8B D8			MOV		EBX, EAX
 00000107  58				POP		EAX
 00000108  03 D8			ADD		EBX, EAX
 0000010A  89 5D F8			MOV		currTemp, EBX
 0000010D  EB D6			JMP		_IntLoop
 0000010F			_CompileInt:
 0000010F  80 7D FF 01			CMP		negBool, 1
 00000113  75 0C			JNE		_IntRead
 00000115  B8 FFFFFFFF			MOV		EAX, -1
 0000011A  0F AF 45 F8			IMUL	EAX, currTemp
 0000011E  89 45 F8			MOV		currTemp, EAX
 00000121			_IntRead:
 00000121  8B 45 F8			MOV		EAX, CurrTemp
 00000124  AB				STOSD
 00000125  E2 AE			LOOP	_NextInt

 00000127			_BackToMain:
 00000127  C9		   *	    leave  
 00000128  C2 0010			RET		16
 0000012B			parseTempsFromString ENDP

				;----------------------------------------------------------------------------------------
				;Name: findDailyHighs
				;
				;This will intake an input array and output array both by reference and move the
				;highest value of each "row" of the input array to the output array
				;
				;Preconditions: input array filled, output array defined
				;
				;Postconditions: fills the output array
				;
				;Receives: input array and output array both by reference
				;
				;Returns: filled output array
				;--------------------------------------------------------------------------------------------
 0000012B			writeTempsReverse PROC
 0000012B  55				PUSH	EBP
 0000012C  8B EC			MOV		EBP, ESP
					;[EBP+8] = tempArray
 0000012E  8B 75 08			MOV		ESI, [EBP+8]
 00000131  83 C6 5C			ADD		ESI, ((TEMPS_PER_DAY * 4) - 4)
					;MOV		ECX, DAYS_MEASURED
 00000134  B9 00000018			MOV		ECX, TEMPS_PER_DAY

 00000139			_nextTemp:
 00000139  FD				STD
 0000013A  AD				LODSD
 0000013B  E8 00000000 E		CALL	WriteInt
 00000140  83 F9 01			CMP		ECX, 1
 00000143  74 12			JE		_lastTemp
					mDisplayChar DELIMITER
 00000145  50		     1		PUSH	EAX
 00000146  B0 2C	     1		MOV		AL, DELIMITER
 00000148  E8 00000000 E     1		CALL	WriteChar
 0000014D  58		     1		POP		EAX
					mDisplayChar SPACE
 0000014E  50		     1		PUSH	EAX
 0000014F  B0 20	     1		MOV		AL, SPACE
 00000151  E8 00000000 E     1		CALL	WriteChar
 00000156  58		     1		POP		EAX
 00000157			_lastTemp:
 00000157  E2 E0			LOOP	_nextTemp

 00000159  5D				POP		EBP
 0000015A  C2 0004			RET		4
 0000015D			writeTempsReverse	ENDP

				END main
Microsoft (R) Macro Assembler Version 14.44.35217.0	    12/07/25 14:39:41
5Reversed Temperature Project     (proj6_hinsonal.asm	     Symbols 2 - 1




Macros:

                N a m e                 Type

mDisplayChar . . . . . . . . . .	Proc
mDisplayString . . . . . . . . .	Proc
mGetString . . . . . . . . . . .	Proc


Structures and Unions:

                N a m e                  Size
                                         Offset      Type

CONSOLE_CURSOR_INFO  . . . . . .	 00000008
  dwSize . . . . . . . . . . . .	 00000000	 DWord
  bVisible . . . . . . . . . . .	 00000004	 DWord
CONSOLE_SCREEN_BUFFER_INFO . . .	 00000016
  dwSize . . . . . . . . . . . .	 00000000	 DWord
  dwCursorPosition . . . . . . .	 00000004	 DWord
  wAttributes  . . . . . . . . .	 00000008	 Word
  srWindow . . . . . . . . . . .	 0000000A	 QWord
  dwMaximumWindowSize  . . . . .	 00000012	 DWord
COORD  . . . . . . . . . . . . .	 00000004
  X  . . . . . . . . . . . . . .	 00000000	 Word
  Y  . . . . . . . . . . . . . .	 00000002	 Word
FILETIME . . . . . . . . . . . .	 00000008
  loDateTime . . . . . . . . . .	 00000000	 DWord
  hiDateTime . . . . . . . . . .	 00000004	 DWord
FOCUS_EVENT_RECORD . . . . . . .	 00000004
  bSetFocus  . . . . . . . . . .	 00000000	 DWord
FPU_ENVIRON  . . . . . . . . . .	 0000001C
  controlWord  . . . . . . . . .	 00000000	 Word
  statusWord . . . . . . . . . .	 00000004	 Word
  tagWord  . . . . . . . . . . .	 00000008	 Word
  instrPointerOffset . . . . . .	 0000000C	 DWord
  instrPointerSelector . . . . .	 00000010	 DWord
  operandPointerOffset . . . . .	 00000014	 DWord
  operandPointerSelector . . . .	 00000018	 Word
INPUT_RECORD . . . . . . . . . .	 00000014
  EventType  . . . . . . . . . .	 00000000	 Word
  Event  . . . . . . . . . . . .	 00000004	 XmmWord
  bKeyDown . . . . . . . . . . .	 00000000	 DWord
  wRepeatCount . . . . . . . . .	 00000004	 Word
  wVirtualKeyCode  . . . . . . .	 00000006	 Word
  wVirtualScanCode . . . . . . .	 00000008	 Word
  uChar  . . . . . . . . . . . .	 0000000A	 Word
  UnicodeChar  . . . . . . . . .	 00000000	 Word
  AsciiChar  . . . . . . . . . .	 00000000	 Byte
  dwControlKeyState  . . . . . .	 0000000C	 DWord
  dwMousePosition  . . . . . . .	 00000000	 DWord
  dwButtonState  . . . . . . . .	 00000004	 DWord
  dwMouseControlKeyState . . . .	 00000008	 DWord
  dwEventFlags . . . . . . . . .	 0000000C	 DWord
  dwSize . . . . . . . . . . . .	 00000000	 DWord
  dwCommandId  . . . . . . . . .	 00000000	 DWord
  bSetFocus  . . . . . . . . . .	 00000000	 DWord
KEY_EVENT_RECORD . . . . . . . .	 00000010
  bKeyDown . . . . . . . . . . .	 00000000	 DWord
  wRepeatCount . . . . . . . . .	 00000004	 Word
  wVirtualKeyCode  . . . . . . .	 00000006	 Word
  wVirtualScanCode . . . . . . .	 00000008	 Word
  uChar  . . . . . . . . . . . .	 0000000A	 Word
  UnicodeChar  . . . . . . . . .	 00000000	 Word
  AsciiChar  . . . . . . . . . .	 00000000	 Byte
  dwControlKeyState  . . . . . .	 0000000C	 DWord
MENU_EVENT_RECORD  . . . . . . .	 00000004
  dwCommandId  . . . . . . . . .	 00000000	 DWord
MOUSE_EVENT_RECORD . . . . . . .	 00000010
  dwMousePosition  . . . . . . .	 00000000	 DWord
  dwButtonState  . . . . . . . .	 00000004	 DWord
  dwMouseControlKeyState . . . .	 00000008	 DWord
  dwEventFlags . . . . . . . . .	 0000000C	 DWord
SMALL_RECT . . . . . . . . . . .	 00000008
  Left . . . . . . . . . . . . .	 00000000	 Word
  Top  . . . . . . . . . . . . .	 00000002	 Word
  Right  . . . . . . . . . . . .	 00000004	 Word
  Bottom . . . . . . . . . . . .	 00000006	 Word
SYSTEMTIME . . . . . . . . . . .	 00000010
  wYear  . . . . . . . . . . . .	 00000000	 Word
  wMonth . . . . . . . . . . . .	 00000002	 Word
  wDayOfWeek . . . . . . . . . .	 00000004	 Word
  wDay . . . . . . . . . . . . .	 00000006	 Word
  wHour  . . . . . . . . . . . .	 00000008	 Word
  wMinute  . . . . . . . . . . .	 0000000A	 Word
  wSecond  . . . . . . . . . . .	 0000000C	 Word
  wMilliseconds  . . . . . . . .	 0000000E	 Word
WINDOW_BUFFER_SIZE_RECORD  . . .	 00000004
  dwSize . . . . . . . . . . . .	 00000000	 DWord


Segments and Groups:

                N a m e                 Size     Length   Align   Combine Class

FLAT . . . . . . . . . . . . . .	GROUP
STACK  . . . . . . . . . . . . .	32 Bit	 00001000 Para	  Stack	  'STACK'	 
_DATA  . . . . . . . . . . . . .	32 Bit	 00000386 Para	  Public  'DATA'	
_TEXT  . . . . . . . . . . . . .	32 Bit	 0000015D Para	  Public  'CODE'	


Procedures, parameters, and locals:

                N a m e                 Type     Value    Attr

CloseFile  . . . . . . . . . . .	P Near	 00000000 FLAT	Length= 00000000 External STDCALL
CloseHandle  . . . . . . . . . .	P Near	 00000000 FLAT	Length= 00000000 External STDCALL
Clrscr . . . . . . . . . . . . .	P Near	 00000000 FLAT	Length= 00000000 External STDCALL
CreateFileA  . . . . . . . . . .	P Near	 00000000 FLAT	Length= 00000000 External STDCALL
CreateOutputFile . . . . . . . .	P Near	 00000000 FLAT	Length= 00000000 External STDCALL
Crlf . . . . . . . . . . . . . .	P Near	 00000000 FLAT	Length= 00000000 External STDCALL
Delay  . . . . . . . . . . . . .	P Near	 00000000 FLAT	Length= 00000000 External STDCALL
DumpMem  . . . . . . . . . . . .	P Near	 00000000 FLAT	Length= 00000000 External STDCALL
DumpRegs . . . . . . . . . . . .	P Near	 00000000 FLAT	Length= 00000000 External STDCALL
ExitProcess  . . . . . . . . . .	P Near	 00000000 FLAT	Length= 00000000 External STDCALL
FileTimeToDosDateTime  . . . . .	P Near	 00000000 FLAT	Length= 00000000 External STDCALL
FileTimeToSystemTime . . . . . .	P Near	 00000000 FLAT	Length= 00000000 External STDCALL
FlushConsoleInputBuffer  . . . .	P Near	 00000000 FLAT	Length= 00000000 External STDCALL
FormatMessageA . . . . . . . . .	P Near	 00000000 FLAT	Length= 00000000 External STDCALL
GetCommandLineA  . . . . . . . .	P Near	 00000000 FLAT	Length= 00000000 External STDCALL
GetCommandTail . . . . . . . . .	P Near	 00000000 FLAT	Length= 00000000 External STDCALL
GetConsoleCP . . . . . . . . . .	P Near	 00000000 FLAT	Length= 00000000 External STDCALL
GetConsoleCursorInfo . . . . . .	P Near	 00000000 FLAT	Length= 00000000 External STDCALL
GetConsoleMode . . . . . . . . .	P Near	 00000000 FLAT	Length= 00000000 External STDCALL
GetConsoleScreenBufferInfo . . .	P Near	 00000000 FLAT	Length= 00000000 External STDCALL
GetDateTime  . . . . . . . . . .	P Near	 00000000 FLAT	Length= 00000000 External STDCALL
GetFileTime  . . . . . . . . . .	P Near	 00000000 FLAT	Length= 00000000 External STDCALL
GetKeyState  . . . . . . . . . .	P Near	 00000000 FLAT	Length= 00000000 External STDCALL
GetLastError . . . . . . . . . .	P Near	 00000000 FLAT	Length= 00000000 External STDCALL
GetLocalTime . . . . . . . . . .	P Near	 00000000 FLAT	Length= 00000000 External STDCALL
GetMaxXY . . . . . . . . . . . .	P Near	 00000000 FLAT	Length= 00000000 External STDCALL
GetMseconds  . . . . . . . . . .	P Near	 00000000 FLAT	Length= 00000000 External STDCALL
GetNumberOfConsoleInputEvents  .	P Near	 00000000 FLAT	Length= 00000000 External STDCALL
GetProcessHeap . . . . . . . . .	P Near	 00000000 FLAT	Length= 00000000 External STDCALL
GetStdHandle . . . . . . . . . .	P Near	 00000000 FLAT	Length= 00000000 External STDCALL
GetSystemTime  . . . . . . . . .	P Near	 00000000 FLAT	Length= 00000000 External STDCALL
GetTextColor . . . . . . . . . .	P Near	 00000000 FLAT	Length= 00000000 External STDCALL
GetTickCount . . . . . . . . . .	P Near	 00000000 FLAT	Length= 00000000 External STDCALL
Gotoxy . . . . . . . . . . . . .	P Near	 00000000 FLAT	Length= 00000000 External STDCALL
HeapAlloc  . . . . . . . . . . .	P Near	 00000000 FLAT	Length= 00000000 External STDCALL
HeapCreate . . . . . . . . . . .	P Near	 00000000 FLAT	Length= 00000000 External STDCALL
HeapDestroy  . . . . . . . . . .	P Near	 00000000 FLAT	Length= 00000000 External STDCALL
HeapFree . . . . . . . . . . . .	P Near	 00000000 FLAT	Length= 00000000 External STDCALL
HeapSize . . . . . . . . . . . .	P Near	 00000000 FLAT	Length= 00000000 External STDCALL
IsDigit  . . . . . . . . . . . .	P Near	 00000000 FLAT	Length= 00000000 External STDCALL
LocalFree  . . . . . . . . . . .	P Near	 00000000 FLAT	Length= 00000000 External STDCALL
MessageBoxA  . . . . . . . . . .	P Near	 00000000 FLAT	Length= 00000000 External STDCALL
MsgBoxAsk  . . . . . . . . . . .	P Near	 00000000 FLAT	Length= 00000000 External STDCALL
MsgBox . . . . . . . . . . . . .	P Near	 00000000 FLAT	Length= 00000000 External STDCALL
OpenInputFile  . . . . . . . . .	P Near	 00000000 FLAT	Length= 00000000 External STDCALL
ParseDecimal32 . . . . . . . . .	P Near	 00000000 FLAT	Length= 00000000 External STDCALL
ParseInteger32 . . . . . . . . .	P Near	 00000000 FLAT	Length= 00000000 External STDCALL
PeekConsoleInputA  . . . . . . .	P Near	 00000000 FLAT	Length= 00000000 External STDCALL
Random32 . . . . . . . . . . . .	P Near	 00000000 FLAT	Length= 00000000 External STDCALL
RandomRange  . . . . . . . . . .	P Near	 00000000 FLAT	Length= 00000000 External STDCALL
Randomize  . . . . . . . . . . .	P Near	 00000000 FLAT	Length= 00000000 External STDCALL
ReadChar . . . . . . . . . . . .	P Near	 00000000 FLAT	Length= 00000000 External STDCALL
ReadConsoleA . . . . . . . . . .	P Near	 00000000 FLAT	Length= 00000000 External STDCALL
ReadConsoleInputA  . . . . . . .	P Near	 00000000 FLAT	Length= 00000000 External STDCALL
ReadDec  . . . . . . . . . . . .	P Near	 00000000 FLAT	Length= 00000000 External STDCALL
ReadFile . . . . . . . . . . . .	P Near	 00000000 FLAT	Length= 00000000 External STDCALL
ReadFloat  . . . . . . . . . . .	P Near	 00000000 FLAT	Length= 00000000 External STDCALL
ReadFromFile . . . . . . . . . .	P Near	 00000000 FLAT	Length= 00000000 External STDCALL
ReadHex  . . . . . . . . . . . .	P Near	 00000000 FLAT	Length= 00000000 External STDCALL
ReadInt  . . . . . . . . . . . .	P Near	 00000000 FLAT	Length= 00000000 External STDCALL
ReadKeyFlush . . . . . . . . . .	P Near	 00000000 FLAT	Length= 00000000 External STDCALL
ReadKey  . . . . . . . . . . . .	P Near	 00000000 FLAT	Length= 00000000 External STDCALL
ReadString . . . . . . . . . . .	P Near	 00000000 FLAT	Length= 00000000 External STDCALL
SetConsoleCursorInfo . . . . . .	P Near	 00000000 FLAT	Length= 00000000 External STDCALL
SetConsoleCursorPosition . . . .	P Near	 00000000 FLAT	Length= 00000000 External STDCALL
SetConsoleMode . . . . . . . . .	P Near	 00000000 FLAT	Length= 00000000 External STDCALL
SetConsoleScreenBufferSize . . .	P Near	 00000000 FLAT	Length= 00000000 External STDCALL
SetConsoleTextAttribute  . . . .	P Near	 00000000 FLAT	Length= 00000000 External STDCALL
SetConsoleTitleA . . . . . . . .	P Near	 00000000 FLAT	Length= 00000000 External STDCALL
SetConsoleWindowInfo . . . . . .	P Near	 00000000 FLAT	Length= 00000000 External STDCALL
SetFilePointer . . . . . . . . .	P Near	 00000000 FLAT	Length= 00000000 External STDCALL
SetLocalTime . . . . . . . . . .	P Near	 00000000 FLAT	Length= 00000000 External STDCALL
SetTextColor . . . . . . . . . .	P Near	 00000000 FLAT	Length= 00000000 External STDCALL
ShowFPUStack . . . . . . . . . .	P Near	 00000000 FLAT	Length= 00000000 External STDCALL
Sleep  . . . . . . . . . . . . .	P Near	 00000000 FLAT	Length= 00000000 External STDCALL
StrLength  . . . . . . . . . . .	P Near	 00000000 FLAT	Length= 00000000 External STDCALL
Str_compare  . . . . . . . . . .	P Near	 00000000 FLAT	Length= 00000000 External STDCALL
Str_copy . . . . . . . . . . . .	P Near	 00000000 FLAT	Length= 00000000 External STDCALL
Str_length . . . . . . . . . . .	P Near	 00000000 FLAT	Length= 00000000 External STDCALL
Str_trim . . . . . . . . . . . .	P Near	 00000000 FLAT	Length= 00000000 External STDCALL
Str_ucase  . . . . . . . . . . .	P Near	 00000000 FLAT	Length= 00000000 External STDCALL
SystemTimeToFileTime . . . . . .	P Near	 00000000 FLAT	Length= 00000000 External STDCALL
WaitMsg  . . . . . . . . . . . .	P Near	 00000000 FLAT	Length= 00000000 External STDCALL
WriteBinB  . . . . . . . . . . .	P Near	 00000000 FLAT	Length= 00000000 External STDCALL
WriteBin . . . . . . . . . . . .	P Near	 00000000 FLAT	Length= 00000000 External STDCALL
WriteChar  . . . . . . . . . . .	P Near	 00000000 FLAT	Length= 00000000 External STDCALL
WriteConsoleA  . . . . . . . . .	P Near	 00000000 FLAT	Length= 00000000 External STDCALL
WriteConsoleOutputAttribute  . .	P Near	 00000000 FLAT	Length= 00000000 External STDCALL
WriteConsoleOutputCharacterA . .	P Near	 00000000 FLAT	Length= 00000000 External STDCALL
WriteDec . . . . . . . . . . . .	P Near	 00000000 FLAT	Length= 00000000 External STDCALL
WriteFile  . . . . . . . . . . .	P Near	 00000000 FLAT	Length= 00000000 External STDCALL
WriteFloat . . . . . . . . . . .	P Near	 00000000 FLAT	Length= 00000000 External STDCALL
WriteHexB  . . . . . . . . . . .	P Near	 00000000 FLAT	Length= 00000000 External STDCALL
WriteHex . . . . . . . . . . . .	P Near	 00000000 FLAT	Length= 00000000 External STDCALL
WriteInt . . . . . . . . . . . .	P Near	 00000000 FLAT	Length= 00000000 External STDCALL
WriteStackFrameName  . . . . . .	P Near	 00000000 FLAT	Length= 00000000 External STDCALL
WriteStackFrame  . . . . . . . .	P Near	 00000000 FLAT	Length= 00000000 External STDCALL
WriteString  . . . . . . . . . .	P Near	 00000000 FLAT	Length= 00000000 External STDCALL
WriteToFile  . . . . . . . . . .	P Near	 00000000 FLAT	Length= 00000000 External STDCALL
WriteWindowsMsg  . . . . . . . .	P Near	 00000000 FLAT	Length= 00000000 External STDCALL
main . . . . . . . . . . . . . .	P Near	 00000000 _TEXT	Length= 00000091 Public STDCALL
  _CorrectFile . . . . . . . . .	L Near	 0000006F _TEXT	
  _CloseProgram  . . . . . . . .	L Near	 0000007E _TEXT	
parseTempsFromString . . . . . .	P Near	 00000091 _TEXT	Length= 0000009A Public STDCALL
  negBool  . . . . . . . . . . .	Byte	 bp - 00000001
  currTemp . . . . . . . . . . .	DWord	 bp - 00000008
  _InputError  . . . . . . . . .	L Near	 000000AA _TEXT	
  _Continue  . . . . . . . . . .	L Near	 000000B4 _TEXT	
  _NextInt . . . . . . . . . . .	L Near	 000000D5 _TEXT	
  _IntLoop . . . . . . . . . . .	L Near	 000000E5 _TEXT	
  _Negative  . . . . . . . . . .	L Near	 000000EA _TEXT	
  _NonNegative . . . . . . . . .	L Near	 000000F0 _TEXT	
  _CompileInt  . . . . . . . . .	L Near	 0000010F _TEXT	
  _IntRead . . . . . . . . . . .	L Near	 00000121 _TEXT	
  _BackToMain  . . . . . . . . .	L Near	 00000127 _TEXT	
printf . . . . . . . . . . . . .	P Near	 00000000 FLAT	Length= 00000000 External C
scanf  . . . . . . . . . . . . .	P Near	 00000000 FLAT	Length= 00000000 External C
writeTempsReverse  . . . . . . .	P Near	 0000012B _TEXT	Length= 00000032 Public STDCALL
  _nextTemp  . . . . . . . . . .	L Near	 00000139 _TEXT	
  _lastTemp  . . . . . . . . . .	L Near	 00000157 _TEXT	
wsprintfA  . . . . . . . . . . .	P Near	 00000000 FLAT	Length= 00000000 External C


Symbols:

                N a m e                 Type     Value    Attr

@CodeSize  . . . . . . . . . . .	Number	 00000000h   
@DataSize  . . . . . . . . . . .	Number	 00000000h   
@Interface . . . . . . . . . . .	Number	 00000003h   
@Model . . . . . . . . . . . . .	Number	 00000007h   
@code  . . . . . . . . . . . . .	Text   	 _TEXT
@data  . . . . . . . . . . . . .	Text   	 FLAT
@fardata?  . . . . . . . . . . .	Text   	 FLAT
@fardata . . . . . . . . . . . .	Text   	 FLAT
@stack . . . . . . . . . . . . .	Text   	 FLAT
ALT_MASK . . . . . . . . . . . .	Number	 00000003h   
BUFFER_SIZE  . . . . . . . . . .	Number	 000000F1h   
CAPSLOCK_ON  . . . . . . . . . .	Number	 00000080h   
CREATE_ALWAYS  . . . . . . . . .	Number	 00000002h   
CREATE_NEW . . . . . . . . . . .	Number	 00000001h   
CTRL_MASK  . . . . . . . . . . .	Number	 0000000Ch   
CreateFile . . . . . . . . . . .	Text   	 CreateFileA
DELIMITER  . . . . . . . . . . .	Number	 0000002Ch   
DO_NOT_SHARE . . . . . . . . . .	Number	 00000000h   
ENABLE_ECHO_INPUT  . . . . . . .	Number	 00000004h   
ENABLE_LINE_INPUT  . . . . . . .	Number	 00000002h   
ENABLE_MOUSE_INPUT . . . . . . .	Number	 00000010h   
ENABLE_PROCESSED_INPUT . . . . .	Number	 00000001h   
ENABLE_PROCESSED_OUTPUT  . . . .	Number	 00000001h   
ENABLE_WINDOW_INPUT  . . . . . .	Number	 00000008h   
ENABLE_WRAP_AT_EOL_OUTPUT  . . .	Number	 00000002h   
ENHANCED_KEY . . . . . . . . . .	Number	 00000100h   
FALSE  . . . . . . . . . . . . .	Number	 00000000h   
FILE_APPEND_DATA . . . . . . . .	Number	 00000004h   
FILE_ATTRIBUTE_ARCHIVE . . . . .	Number	 00000020h   
FILE_ATTRIBUTE_COMPRESSED  . . .	Number	 00000800h   
FILE_ATTRIBUTE_DEVICE  . . . . .	Number	 00000040h   
FILE_ATTRIBUTE_DIRECTORY . . . .	Number	 00000010h   
FILE_ATTRIBUTE_ENCRYPTED . . . .	Number	 00004000h   
FILE_ATTRIBUTE_HIDDEN  . . . . .	Number	 00000002h   
FILE_ATTRIBUTE_NORMAL  . . . . .	Number	 00000080h   
FILE_ATTRIBUTE_NOT_CONTENT_INDEXED .	Number	 00002000h   
FILE_ATTRIBUTE_OFFLINE . . . . .	Number	 00001000h   
FILE_ATTRIBUTE_READONLY  . . . .	Number	 00000001h   
FILE_ATTRIBUTE_REPARSE_POINT . .	Number	 00000400h   
FILE_ATTRIBUTE_SPARSE_FILE . . .	Number	 00000200h   
FILE_ATTRIBUTE_SYSTEM  . . . . .	Number	 00000004h   
FILE_ATTRIBUTE_TEMPORARY . . . .	Number	 00000100h   
FILE_BEGIN . . . . . . . . . . .	Number	 00000000h   
FILE_CURRENT . . . . . . . . . .	Number	 00000001h   
FILE_DELETE_CHILD  . . . . . . .	Number	 00000040h   
FILE_END . . . . . . . . . . . .	Number	 00000002h   
FILE_READ_DATA . . . . . . . . .	Number	 00000001h   
FILE_SHARE_DELETE  . . . . . . .	Number	 00000004h   
FILE_SHARE_READ  . . . . . . . .	Number	 00000001h   
FILE_SHARE_WRITE . . . . . . . .	Number	 00000002h   
FILE_WRITE_DATA  . . . . . . . .	Number	 00000002h   
FOCUS_EVENT  . . . . . . . . . .	Number	 00000010h   
FORMAT_MESSAGE_ALLOCATE_BUFFER .	Number	 00000100h   
FORMAT_MESSAGE_FROM_SYSTEM . . .	Number	 00001000h   
FormatMessage  . . . . . . . . .	Text   	 FormatMessageA
GENERIC_ALL  . . . . . . . . . .	Number	 10000000h   
GENERIC_EXECUTE  . . . . . . . .	Number	 20000000h   
GENERIC_READ . . . . . . . . . .	Number	 -80000000h   
GENERIC_WRITE  . . . . . . . . .	Number	 40000000h   
GetCommandLine . . . . . . . . .	Text   	 GetCommandLineA
HANDLE . . . . . . . . . . . . .	Text   	 DWORD
HEAP_GENERATE_EXCEPTIONS . . . .	Number	 00000004h   
HEAP_GROWABLE  . . . . . . . . .	Number	 00000002h   
HEAP_NO_SERIALIZE  . . . . . . .	Number	 00000001h   
HEAP_REALLOC_IN_PLACE_ONLY . . .	Number	 00000010h   
HEAP_ZERO_MEMORY . . . . . . . .	Number	 00000008h   
IDABORT  . . . . . . . . . . . .	Number	 00000003h   
IDCANCEL . . . . . . . . . . . .	Number	 00000002h   
IDCLOSE  . . . . . . . . . . . .	Number	 00000008h   
IDCONTINUE . . . . . . . . . . .	Number	 0000000Bh   
IDHELP . . . . . . . . . . . . .	Number	 00000009h   
IDIGNORE . . . . . . . . . . . .	Number	 00000005h   
IDNO . . . . . . . . . . . . . .	Number	 00000007h   
IDOK . . . . . . . . . . . . . .	Number	 00000001h   
IDRETRY  . . . . . . . . . . . .	Number	 00000004h   
IDTIMEOUT  . . . . . . . . . . .	Number	 00007D00h   
IDTRYAGAIN . . . . . . . . . . .	Number	 0000000Ah   
IDYES  . . . . . . . . . . . . .	Number	 00000006h   
INVALID_HANDLE_VALUE . . . . . .	Number	 -00000001h   
KBDOWN_FLAG  . . . . . . . . . .	Number	 00000001h   
KEY_EVENT  . . . . . . . . . . .	Number	 00000001h   
KEY_MASKS  . . . . . . . . . . .	Number	 0000001Fh   
LEFT_ALT_PRESSED . . . . . . . .	Number	 00000002h   
LEFT_CTRL_PRESSED  . . . . . . .	Number	 00000008h   
MAX_STRING . . . . . . . . . . .	Number	 00000065h   
MB_ABORTRETRYIGNORE  . . . . . .	Number	 00000002h   
MB_APPLMODAL . . . . . . . . . .	Number	 00000000h   
MB_CANCELTRYCONTINUE . . . . . .	Number	 00000006h   
MB_DEFBUTTON1  . . . . . . . . .	Number	 00000000h   
MB_DEFBUTTON2  . . . . . . . . .	Number	 00000100h   
MB_DEFBUTTON3  . . . . . . . . .	Number	 00000200h   
MB_DEFBUTTON4  . . . . . . . . .	Number	 00000300h   
MB_HELP  . . . . . . . . . . . .	Number	 00004000h   
MB_ICONASTERISK  . . . . . . . .	Number	 00000040h   
MB_ICONERROR . . . . . . . . . .	Number	 00000010h   
MB_ICONEXCLAMATION . . . . . . .	Number	 00000030h   
MB_ICONHAND  . . . . . . . . . .	Number	 00000010h   
MB_ICONINFORMATION . . . . . . .	Number	 00000040h   
MB_ICONQUESTION  . . . . . . . .	Number	 00000020h   
MB_ICONSTOP  . . . . . . . . . .	Number	 00000010h   
MB_ICONWARNING . . . . . . . . .	Number	 00000030h   
MB_OKCANCEL  . . . . . . . . . .	Number	 00000001h   
MB_OK  . . . . . . . . . . . . .	Number	 00000000h   
MB_RETRYCANCEL . . . . . . . . .	Number	 00000005h   
MB_SYSTEMMODAL . . . . . . . . .	Number	 00001000h   
MB_TASKMODAL . . . . . . . . . .	Number	 00002000h   
MB_USERICON  . . . . . . . . . .	Number	 00000080h   
MB_YESNOCANCEL . . . . . . . . .	Number	 00000003h   
MB_YESNO . . . . . . . . . . . .	Number	 00000004h   
MENU_EVENT . . . . . . . . . . .	Number	 00000008h   
MOUSE_EVENT  . . . . . . . . . .	Number	 00000002h   
MessageBox . . . . . . . . . . .	Text   	 MessageBoxA
NULL . . . . . . . . . . . . . .	Number	 00000000h   
NUMLOCK_ON . . . . . . . . . . .	Number	 00000020h   
OPEN_ALWAYS  . . . . . . . . . .	Number	 00000004h   
OPEN_EXISTING  . . . . . . . . .	Number	 00000003h   
PeekConsoleInput . . . . . . . .	Text   	 PeekConsoleInputA
RIGHT_ALT_PRESSED  . . . . . . .	Number	 00000001h   
RIGHT_CTRL_PRESSED . . . . . . .	Number	 00000004h   
ReadConsoleInput . . . . . . . .	Text   	 ReadConsoleInputA
ReadConsole  . . . . . . . . . .	Text   	 ReadConsoleA
SCROLLLOCK_ON  . . . . . . . . .	Number	 00000040h   
SHIFT_MASK . . . . . . . . . . .	Number	 00000010h   
SHIFT_PRESSED  . . . . . . . . .	Number	 00000010h   
SPACE  . . . . . . . . . . . . .	Number	 00000020h   
STD_ERROR_HANDLE . . . . . . . .	Number	 -0000000Ch   
STD_INPUT_HANDLE . . . . . . . .	Number	 -0000000Ah   
STD_OUTPUT_HANDLE  . . . . . . .	Number	 -0000000Bh   
SetConsoleTitle  . . . . . . . .	Text   	 SetConsoleTitleA
TAB  . . . . . . . . . . . . . .	Number	 00000009h   
TEMPS_PER_DAY  . . . . . . . . .	Number	 00000018h   
TRUE . . . . . . . . . . . . . .	Number	 00000001h   
TRUNCATE_EXISTING  . . . . . . .	Number	 00000005h   
VK_11  . . . . . . . . . . . . .	Number	 000000BDh   
VK_12  . . . . . . . . . . . . .	Number	 000000BBh   
VK_ADD . . . . . . . . . . . . .	Number	 0000006Bh   
VK_BACK  . . . . . . . . . . . .	Number	 00000008h   
VK_CANCEL  . . . . . . . . . . .	Number	 00000003h   
VK_CAPITAL . . . . . . . . . . .	Number	 00000014h   
VK_CLEAR . . . . . . . . . . . .	Number	 0000000Ch   
VK_CONTROL . . . . . . . . . . .	Number	 00000011h   
VK_DECIMAL . . . . . . . . . . .	Number	 0000006Eh   
VK_DELETE  . . . . . . . . . . .	Number	 0000002Eh   
VK_DIVIDE  . . . . . . . . . . .	Number	 0000006Fh   
VK_DOWN  . . . . . . . . . . . .	Number	 00000028h   
VK_END . . . . . . . . . . . . .	Number	 00000023h   
VK_ESCAPE  . . . . . . . . . . .	Number	 0000001Bh   
VK_EXECUTE . . . . . . . . . . .	Number	 0000002Bh   
VK_F10 . . . . . . . . . . . . .	Number	 00000079h   
VK_F11 . . . . . . . . . . . . .	Number	 0000007Ah   
VK_F12 . . . . . . . . . . . . .	Number	 0000007Bh   
VK_F13 . . . . . . . . . . . . .	Number	 0000007Ch   
VK_F14 . . . . . . . . . . . . .	Number	 0000007Dh   
VK_F15 . . . . . . . . . . . . .	Number	 0000007Eh   
VK_F16 . . . . . . . . . . . . .	Number	 0000007Fh   
VK_F17 . . . . . . . . . . . . .	Number	 00000080h   
VK_F18 . . . . . . . . . . . . .	Number	 00000081h   
VK_F19 . . . . . . . . . . . . .	Number	 00000082h   
VK_F1  . . . . . . . . . . . . .	Number	 00000070h   
VK_F20 . . . . . . . . . . . . .	Number	 00000083h   
VK_F21 . . . . . . . . . . . . .	Number	 00000084h   
VK_F22 . . . . . . . . . . . . .	Number	 00000085h   
VK_F23 . . . . . . . . . . . . .	Number	 00000086h   
VK_F24 . . . . . . . . . . . . .	Number	 00000087h   
VK_F2  . . . . . . . . . . . . .	Number	 00000071h   
VK_F3  . . . . . . . . . . . . .	Number	 00000072h   
VK_F4  . . . . . . . . . . . . .	Number	 00000073h   
VK_F5  . . . . . . . . . . . . .	Number	 00000074h   
VK_F6  . . . . . . . . . . . . .	Number	 00000075h   
VK_F7  . . . . . . . . . . . . .	Number	 00000076h   
VK_F8  . . . . . . . . . . . . .	Number	 00000077h   
VK_F9  . . . . . . . . . . . . .	Number	 00000078h   
VK_HELP  . . . . . . . . . . . .	Number	 0000002Fh   
VK_HOME  . . . . . . . . . . . .	Number	 00000024h   
VK_INSERT  . . . . . . . . . . .	Number	 0000002Dh   
VK_LBUTTON . . . . . . . . . . .	Number	 00000001h   
VK_LCONTROL  . . . . . . . . . .	Number	 000000A2h   
VK_LEFT  . . . . . . . . . . . .	Number	 00000025h   
VK_LMENU . . . . . . . . . . . .	Number	 000000A4h   
VK_LSHIFT  . . . . . . . . . . .	Number	 000000A0h   
VK_MENU  . . . . . . . . . . . .	Number	 00000012h   
VK_MULTIPLY  . . . . . . . . . .	Number	 0000006Ah   
VK_NEXT  . . . . . . . . . . . .	Number	 00000022h   
VK_NUMLOCK . . . . . . . . . . .	Number	 00000090h   
VK_NUMPAD0 . . . . . . . . . . .	Number	 00000060h   
VK_NUMPAD1 . . . . . . . . . . .	Number	 00000061h   
VK_NUMPAD2 . . . . . . . . . . .	Number	 00000062h   
VK_NUMPAD3 . . . . . . . . . . .	Number	 00000063h   
VK_NUMPAD4 . . . . . . . . . . .	Number	 00000064h   
VK_NUMPAD5 . . . . . . . . . . .	Number	 00000065h   
VK_NUMPAD6 . . . . . . . . . . .	Number	 00000066h   
VK_NUMPAD7 . . . . . . . . . . .	Number	 00000067h   
VK_NUMPAD8 . . . . . . . . . . .	Number	 00000068h   
VK_NUMPAD9 . . . . . . . . . . .	Number	 00000069h   
VK_PAUSE . . . . . . . . . . . .	Number	 00000013h   
VK_PRINT . . . . . . . . . . . .	Number	 0000002Ah   
VK_PRIOR . . . . . . . . . . . .	Number	 00000021h   
VK_RBUTTON . . . . . . . . . . .	Number	 00000002h   
VK_RCONTROL  . . . . . . . . . .	Number	 000000A3h   
VK_RETURN  . . . . . . . . . . .	Number	 0000000Dh   
VK_RIGHT . . . . . . . . . . . .	Number	 00000027h   
VK_RMENU . . . . . . . . . . . .	Number	 000000A5h   
VK_RSHIFT  . . . . . . . . . . .	Number	 000000A1h   
VK_SCROLL  . . . . . . . . . . .	Number	 00000091h   
VK_SEPARATER . . . . . . . . . .	Number	 0000006Ch   
VK_SHIFT . . . . . . . . . . . .	Number	 00000010h   
VK_SNAPSHOT  . . . . . . . . . .	Number	 0000002Ch   
VK_SPACE . . . . . . . . . . . .	Number	 00000020h   
VK_SUBTRACT  . . . . . . . . . .	Number	 0000006Dh   
VK_TAB . . . . . . . . . . . . .	Number	 00000009h   
VK_UP  . . . . . . . . . . . . .	Number	 00000026h   
WINDOW_BUFFER_SIZE_EVENT . . . .	Number	 00000004h   
WriteConsoleOutputCharacter  . .	Text   	 WriteConsoleOutputCharacterA
WriteConsole . . . . . . . . . .	Text   	 WriteConsoleA
black  . . . . . . . . . . . . .	Number	 00000000h   
blue . . . . . . . . . . . . . .	Number	 00000001h   
brown  . . . . . . . . . . . . .	Number	 00000006h   
cyan . . . . . . . . . . . . . .	Number	 00000003h   
errorBool  . . . . . . . . . . .	DWord	 00000231 _DATA	
exit . . . . . . . . . . . . . .	Text   	 INVOKE ExitProcess,0
fileBuffer . . . . . . . . . . .	Byte	 00000235 _DATA	
fileError  . . . . . . . . . . .	Byte	 000001A5 _DATA	
fileName . . . . . . . . . . . .	Byte	 000001CC _DATA	
goodbye  . . . . . . . . . . . .	Byte	 00000109 _DATA	
gray . . . . . . . . . . . . . .	Number	 00000008h   
green  . . . . . . . . . . . . .	Number	 00000002h   
inputTitle . . . . . . . . . . .	Byte	 00000176 _DATA	
intro  . . . . . . . . . . . . .	Byte	 00000000 _DATA	
lightBlue  . . . . . . . . . . .	Number	 00000009h   
lightCyan  . . . . . . . . . . .	Number	 0000000Bh   
lightGray  . . . . . . . . . . .	Number	 00000007h   
lightGreen . . . . . . . . . . .	Number	 0000000Ah   
lightMagenta . . . . . . . . . .	Number	 0000000Dh   
lightRed . . . . . . . . . . . .	Number	 0000000Ch   
magenta  . . . . . . . . . . . .	Number	 00000005h   
outputArray  . . . . . . . . . .	DWord	 00000326 _DATA	
outputTitle  . . . . . . . . . .	Byte	 0000013C _DATA	
red  . . . . . . . . . . . . . .	Number	 00000004h   
summary  . . . . . . . . . . . .	Byte	 00000041 _DATA	
white  . . . . . . . . . . . . .	Number	 0000000Fh   
wsprintf . . . . . . . . . . . .	Text   	 wsprintfA
yellow . . . . . . . . . . . . .	Number	 0000000Eh   

	   0 Warnings
	   0 Errors
